// Jest Snapshot v1, https://goo.gl/fbAQLP

exports[`Captura del componente <Tablla.jsx> Fotico 1`] = `
<div>
  <div>
    Table
  </div>
</div>
`;
